// Jest Snapshot v1, https://goo.gl/fbAQLP

exports[`Компонент CardConfirm совпадает со своим снимком 1`] = `
<div>
  <div
    class="ant-row"
  >
    <div
      class="ant-col-8"
    />
    <div
      class="ant-col-8"
    >
      <form
        class="ant-form ant-form-horizontal login-form"
      >
        <div
          class="ant-row ant-form-item"
        >
          <div
            class="ant-form-item-control-wrapper"
          >
            <div
              class="ant-form-item-control has-success"
            >
              <input
                class="ant-input ant-input-lg"
                data-__meta="[object Object]"
                id="number"
                placeholder="Номер карты"
                type="text"
                value="1111111111"
              />
            </div>
          </div>
        </div>
        <div
          class="ant-row ant-form-item"
        >
          <div
            class="ant-form-item-control-wrapper"
          >
            <div
              class="ant-form-item-control "
            >
              <span
                class="ant-input-affix-wrapper"
              >
                <span
                  class="ant-input-prefix"
                >
                  <i
                    class="anticon anticon-lock"
                    style="font-size:13px;"
                  />
                </span>
                <input
                  class="ant-input ant-input-lg"
                  data-__meta="[object Object]"
                  id="pin"
                  placeholder="ПИН-код"
                  type="password"
                  value=""
                />
              </span>
            </div>
          </div>
        </div>
        <div
          class="ant-row ant-form-item"
        >
          <div
            class="ant-form-item-control-wrapper"
          >
            <div
              class="ant-form-item-control "
            >
              <button
                class="ant-btn ant-btn-primary ant-btn-lg"
                type="submit"
              >
                <span>
                  Отправить
                </span>
              </button>
            </div>
          </div>
        </div>
      </form>
    </div>
    <div
      class="ant-col-8"
    />
  </div>
</div>
`;
