// Jest Snapshot v1, https://goo.gl/fbAQLP

exports[`Компонент ClientCard совпадает со своим снимком 1`] = `
<div
  style="min-width:300px;"
>
  <section
    class="section"
  >
    <div
      class="header"
    />
    <div
      class="container"
    >
      <div
        class="ant-row"
      >
        <div
          class="ant-col-7"
        >
          <span
            class="label"
          >
            Фамилия
          </span>
        </div>
        <div
          class="ant-col-16"
        >
          <input
            class="ant-input"
            disabled=""
            type="text"
            value="ln"
          />
        </div>
      </div>
      <div
        class="ant-row"
      >
        <div
          class="ant-col-7"
        >
          <span
            class="label"
          >
            Имя
          </span>
        </div>
        <div
          class="ant-col-16"
        >
          <input
            class="ant-input"
            disabled=""
            type="text"
            value=""
          />
        </div>
      </div>
      <div
        class="ant-row"
      >
        <div
          class="ant-col-7"
        >
          <span
            class="label"
          >
            Отчество
          </span>
        </div>
        <div
          class="ant-col-16"
        >
          <input
            class="ant-input"
            disabled=""
            type="text"
            value=""
          />
        </div>
      </div>
      <div
        class="ant-row"
      >
        <div
          class="ant-col-7"
        >
          <span
            class="label"
          >
            Дата рождения
          </span>
        </div>
        <div
          class="ant-col-16"
        >
          <input
            class="ant-input"
            disabled=""
            type="text"
            value=""
          />
        </div>
      </div>
      <div
        class="ant-row"
      >
        <div
          class="ant-col-7"
        >
          <span
            class="label"
          >
            Тип ДУЛ
          </span>
        </div>
        <div
          class="ant-col-16"
        >
          <input
            class="ant-input"
            disabled=""
            type="text"
            value=""
          />
        </div>
      </div>
      <div
        class="ant-row"
      >
        <div
          class="ant-col-7"
        >
          <span
            class="label"
          >
            Серия
          </span>
        </div>
        <div
          class="ant-col-7"
        >
          <input
            class="ant-input"
            disabled=""
            type="text"
            value=""
          />
        </div>
        <div
          class="ant-col-4"
        >
          <span
            class="label"
          >
            Номер
          </span>
        </div>
        <div
          class="ant-col-5"
        >
          <input
            class="ant-input"
            disabled=""
            type="text"
            value=""
          />
        </div>
      </div>
      <div
        class="ant-row"
      >
        <div
          class="ant-col-7"
        >
          <span
            class="label"
          >
            Место рождения
          </span>
        </div>
        <div
          class="ant-col-16"
        >
          <input
            class="ant-input"
            disabled=""
            type="text"
            value=""
          />
        </div>
      </div>
      <div
        class="ant-row"
      >
        <div
          class="ant-col-7"
        >
          <span
            class="label"
          >
            Дата выдачи
          </span>
        </div>
        <div
          class="ant-col-16"
        >
          <input
            class="ant-input"
            disabled=""
            type="text"
            value=""
          />
        </div>
      </div>
      <div
        class="ant-row"
      >
        <div
          class="ant-col-7"
        >
          <span
            class="label"
          >
            Выдан (орган)
          </span>
        </div>
        <div
          class="ant-col-16"
        >
          <input
            class="ant-input"
            disabled=""
            type="text"
            value=""
          />
        </div>
      </div>
      <div
        class="ant-row"
      >
        <div
          class="ant-col-7"
        >
          <span
            class="label"
          >
            ИНН/КИО
          </span>
        </div>
        <div
          class="ant-col-16"
        >
          <input
            class="ant-input"
            disabled=""
            type="text"
            value=""
          />
        </div>
      </div>
      <div
        class="ant-row"
      >
        <div
          class="ant-col-7"
        >
          <span
            class="label"
          >
            Индекс
          </span>
        </div>
        <div
          class="ant-col-16"
        >
          <input
            class="ant-input"
            disabled=""
            type="text"
            value=""
          />
        </div>
      </div>
      <div
        class="ant-row"
      >
        <div
          class="ant-col-7"
        >
          <span
            class="label"
          >
            Адрес
          </span>
        </div>
        <div
          class="ant-col-16"
        >
          <input
            class="ant-input"
            disabled=""
            type="text"
            value=""
          />
        </div>
      </div>
      <div
        class="ant-row"
      >
        <div
          class="ant-col-7"
        >
          <span
            class="label"
          >
            Резидент
          </span>
        </div>
        <div
          class="ant-col-16"
        >
          <label
            class="ant-checkbox-wrapper"
          >
            <span
              class="ant-checkbox ant-checkbox-checked"
            >
              <input
                checked=""
                class="ant-checkbox-input"
                type="checkbox"
              />
              <span
                class="ant-checkbox-inner"
              />
            </span>
          </label>
        </div>
      </div>
    </div>
  </section>
</div>
`;
