// Jest Snapshot v1, https://goo.gl/fbAQLP

exports[`Компонент <TransactionInfo /> совпадает со своим снимком 1`] = `
<div
  class="transactionCard"
>
  <section
    class="section"
  >
    <div
      class="header"
    >
      Основная информация
    </div>
    <div
      class="container"
    >
      <div
        class="ant-row"
      >
        <div
          class="ant-col-24"
        >
          <div
            class="ant-row"
          >
            <div
              class="ant-col-10"
            >
              <span
                class="label"
              >
                Объявление №
              </span>
              <div
                class="ant-row ant-form-item"
              >
                <div
                  class="ant-form-item-control-wrapper"
                >
                  <div
                    class="ant-form-item-control "
                  >
                    <input
                      class="ant-input ant-input-lg"
                      type="text"
                    />
                  </div>
                </div>
              </div>
            </div>
            <div
              class="ant-col-14"
            >
              <span
                class="label"
              >
                Дата создания now
              </span>
            </div>
          </div>
          <div
            class="ant-row"
          >
            <div
              class="ant-col-3"
            >
              <span
                class="label"
              >
                От кого
              </span>
            </div>
            <div
              class="ant-col-13"
            >
              <button
                class="ant-btn ant-btn-dashed fullwidth"
                type="button"
              />
            </div>
            <div
              class="ant-col-2 rightAligned"
            >
              <div
                class="subHead"
              />
              <div>
                <span
                  class="label"
                >
                  счет №
                </span>
              </div>
            </div>
            <div
              class="ant-col-6"
            >
              <div
                class="subHead"
              >
                Дебет
              </div>
              <div
                class="ant-row ant-form-item"
              >
                <div
                  class="ant-form-item-control-wrapper"
                >
                  <div
                    class="ant-form-item-control "
                  >
                    <input
                      class="ant-input ant-input-lg"
                      disabled=""
                      type="text"
                    />
                  </div>
                </div>
              </div>
            </div>
          </div>
          <div
            class="ant-row"
          >
            <div
              class="ant-col-3"
            >
              <span
                class="label"
              >
                Получатель
              </span>
            </div>
            <div
              class="ant-col-13"
            >
              <div
                class="ant-row ant-form-item"
              >
                <div
                  class="ant-form-item-control-wrapper"
                >
                  <div
                    class="ant-form-item-control "
                  >
                    <input
                      class="ant-input ant-input-lg"
                      disabled=""
                      type="text"
                      value="2"
                    />
                  </div>
                </div>
              </div>
            </div>
            <div
              class="ant-col-2 rightAligned"
            >
              <div
                class="subHead"
              />
              <div>
                <span
                  class="label"
                >
                  счет №
                </span>
              </div>
            </div>
            <div
              class="ant-col-6"
            >
              <div
                class="subHead"
              >
                Кредит
              </div>
              <div
                class="ant-row ant-form-item"
              >
                <div
                  class="ant-form-item-control-wrapper"
                >
                  <div
                    class="ant-form-item-control "
                  >
                    <input
                      class="ant-input ant-input-lg"
                      disabled=""
                      type="text"
                      value="1"
                    />
                  </div>
                </div>
              </div>
            </div>
          </div>
          <div
            class="ant-row"
          >
            <div
              class="ant-col-1"
            >
              <span
                class="label"
              >
                ИНН
              </span>
            </div>
            <div
              class="ant-col-4"
            >
              <div
                class="ant-row ant-form-item"
              >
                <div
                  class="ant-form-item-control-wrapper"
                >
                  <div
                    class="ant-form-item-control "
                  >
                    <input
                      class="ant-input ant-input-lg"
                      disabled=""
                      type="text"
                      value="3"
                    />
                  </div>
                </div>
              </div>
            </div>
            <div
              class="ant-col-1"
            >
              <span
                class="label"
              >
                КПП
              </span>
            </div>
            <div
              class="ant-col-4"
            >
              <div
                class="ant-row ant-form-item"
              >
                <div
                  class="ant-form-item-control-wrapper"
                >
                  <div
                    class="ant-form-item-control "
                  >
                    <input
                      class="ant-input ant-input-lg"
                      disabled=""
                      type="text"
                    />
                  </div>
                </div>
              </div>
            </div>
            <div
              class="ant-col-2 rightAligned"
            >
              <span
                class="label"
              >
                счет №
              </span>
            </div>
            <div
              class="ant-col-6"
            >
              <div
                class="ant-row ant-form-item"
              >
                <div
                  class="ant-form-item-control-wrapper"
                >
                  <div
                    class="ant-form-item-control "
                  >
                    <input
                      class="ant-input ant-input-lg"
                      disabled=""
                      type="text"
                      value="1"
                    />
                  </div>
                </div>
              </div>
            </div>
            <div
              class="ant-col-6"
            />
          </div>
          <div
            class="ant-row"
          >
            <div
              class="ant-col-6"
            >
              <span
                class="label"
              >
                Наименование банка-вносителя
              </span>
            </div>
            <div
              class="ant-col-12"
            >
              <div
                class="ant-row ant-form-item"
              >
                <div
                  class="ant-form-item-control-wrapper"
                >
                  <div
                    class="ant-form-item-control "
                  >
                    <input
                      class="ant-input ant-input-lg"
                      disabled=""
                      type="text"
                    />
                  </div>
                </div>
              </div>
            </div>
            <div
              class="ant-col-2 rightAligned"
            >
              <span
                class="label"
              >
                БИК
              </span>
            </div>
            <div
              class="ant-col-4"
            >
              <div
                class="ant-row ant-form-item"
              >
                <div
                  class="ant-form-item-control-wrapper"
                >
                  <div
                    class="ant-form-item-control "
                  >
                    <input
                      class="ant-input ant-input-lg"
                      disabled=""
                      type="text"
                    />
                  </div>
                </div>
              </div>
            </div>
          </div>
          <div
            class="ant-row"
          >
            <div
              class="ant-col-6"
            >
              <span
                class="label"
              >
                Наименование банка-получателя
              </span>
            </div>
            <div
              class="ant-col-12"
            >
              <div
                class="ant-row ant-form-item"
              >
                <div
                  class="ant-form-item-control-wrapper"
                >
                  <div
                    class="ant-form-item-control "
                  >
                    <input
                      class="ant-input ant-input-lg"
                      disabled=""
                      type="text"
                    />
                  </div>
                </div>
              </div>
            </div>
            <div
              class="ant-col-2 rightAligned"
            >
              <span
                class="label"
              >
                БИК
              </span>
            </div>
            <div
              class="ant-col-4"
            >
              <div
                class="ant-row ant-form-item"
              >
                <div
                  class="ant-form-item-control-wrapper"
                >
                  <div
                    class="ant-form-item-control "
                  >
                    <input
                      class="ant-input ant-input-lg"
                      disabled=""
                      type="text"
                    />
                  </div>
                </div>
              </div>
            </div>
          </div>
          <div
            class="ant-row"
          >
            <div
              class="ant-col-4"
            >
              <span
                class="label"
              >
                Сумма операции
              </span>
            </div>
            <div
              class="ant-col-6"
            >
              <div
                class="ant-row ant-form-item"
              >
                <div
                  class="ant-form-item-control-wrapper"
                >
                  <div
                    class="ant-form-item-control "
                  >
                    <span
                      class="ant-input-wrapper ant-input-group"
                    >
                      <input
                        class="ant-input ant-input-lg"
                        type="text"
                      />
                      <span
                        class="ant-input-group-addon"
                      >
                         00 коп.
                      </span>
                    </span>
                  </div>
                </div>
              </div>
            </div>
          </div>
          <div
            class="ant-row"
          >
            <div
              class="ant-col-4"
            >
              <span
                class="label"
              >
                Сумма прописью
              </span>
            </div>
            <div
              class="ant-col-20"
            >
              <div
                class="ant-row ant-form-item"
              >
                <div
                  class="ant-form-item-control-wrapper"
                >
                  <div
                    class="ant-form-item-control "
                  >
                    <input
                      class="ant-input ant-input-lg"
                      disabled=""
                      type="text"
                      value=""
                    />
                  </div>
                </div>
              </div>
            </div>
          </div>
          <div
            class="ant-row"
          >
            <span
              class="label"
            >
              Источник поступления
            </span>
          </div>
          <div
            class="ant-row"
          >
            <div
              class="ant-row ant-form-item"
            >
              <div
                class="ant-form-item-control-wrapper"
              >
                <div
                  class="ant-form-item-control "
                >
                  <input
                    class="ant-input ant-input-lg"
                    type="text"
                  />
                </div>
              </div>
            </div>
          </div>
        </div>
      </div>
    </div>
  </section>
  <section
    class="section"
  >
    <div
      class="header"
    >
      Дополнительная информация
    </div>
    <div
      class="container"
    >
      <div
        class="ant-row"
      >
        <span
          class="label"
        >
          Наименование организации
        </span>
      </div>
      <div
        class="ant-row"
      >
        <div
          class="ant-row ant-form-item"
        >
          <div
            class="ant-form-item-control-wrapper"
          >
            <div
              class="ant-form-item-control "
            >
              <input
                class="ant-input ant-input-lg"
                type="text"
              />
            </div>
          </div>
        </div>
      </div>
      <div
        class="ant-row"
      >
        <span
          class="label"
        >
          Лицевой счет
        </span>
      </div>
      <div
        class="ant-row"
      >
        <div
          class="ant-row ant-form-item"
        >
          <div
            class="ant-form-item-control-wrapper"
          >
            <div
              class="ant-form-item-control "
            >
              <input
                class="ant-input ant-input-lg"
                type="text"
              />
            </div>
          </div>
        </div>
      </div>
    </div>
  </section>
</div>
`;
